// Jest Snapshot v1, https://goo.gl/fbAQLP

exports[`search input methods renders correctly 1`] = `
<div
  className=" search-form "
>
  <form
    className="d-flex w-100 justify-content-around text-center mt-3 "
  >
    <input
      className="w-25 input-form text-center"
      id="input-title"
      onChange={[Function]}
      placeholder="enter movie title"
      type="input"
      value=""
    />
    <div>
      <button
        className="bg-dark text-white px-3 rounded py-1"
        onClick={[Function]}
        type="button"
      >
        search 
      </button>
    </div>
  </form>
</div>
`;
